{"level":"info","message":"John Smith Miami"}
{"level":"info","message":"Kate Johnson Los Angeles"}
{"level":"info","message":"Ross Williams New York"}
{"level":"info","message":"Joseph Brown Chicago"}
{"level":"info","message":"Martha Jones Houston"}
{"level":"info","message":"Davic Miller Phoenix"}
{"level":"info","message":"Jim Davis Philadelphia"}
{"level":"info","message":"Dan Garcia San Antonio"}
{"level":"info","message":"Emma Rodriguez San Diego"}
{"level":"info","message":"Elijah Wilson Dallas"}
{"level":"info","message":"Smith Smith Miami"}
{"level":"info","message":"Johnson Johnson Los Angeles"}
{"level":"info","message":"Williams Williams New York"}
{"level":"info","message":"Brown Brown Chicago"}
{"level":"info","message":"Jones Jones Houston"}
{"level":"info","message":"Miller Miller Phoenix"}
{"level":"info","message":"Davis Davis Philadelphia"}
{"level":"info","message":"Garcia Garcia San Antonio"}
{"level":"info","message":"Rodriguez Rodriguez San Diego"}
{"level":"info","message":"Wilson Wilson Dallas"}
{"level":"info","message":"GK Joan Rating 90"}
{"level":"info","message":"CB Cubarsi Rating 90"}
{"level":"info","message":"CB Christiansen Rating 85"}
{"level":"info","message":"LB Eric Rating 87"}
{"level":"info","message":"RB Balde Rating 86"}
{"level":"info","message":"CDM Rodri Rating 94"}
{"level":"info","message":"CM Pedri Rating 93"}
{"level":"info","message":"CAM Fermin Rating 89"}
{"level":"info","message":"LW Lamine Rating 92"}
{"level":"info","message":"RW Adeyemi Rating 88"}
{"level":"info","message":"ST Raphina Rating 91"}
